Logging: opened logfile 'dosbox-x.log' successfully. All further logging will go to this file.
DOSBox-X version 2025.10.07 Commit 0cd7c0f (Visual Studio SDL2 64-bit)
Prevent capture: 0
SDL: version 2.32.10, Video windows, Audio directsound
Windows keyboard layout ID is 0x0409
Host keyboard layout is now us (US English)
Mapper keyboard layout is now us (US English)
SDL2 reports desktop display mode 1920 x 1080
Configured windowposition: 
SDL: Current window pixel format: SDL_PIXELFORMAT_RGB888
SDL: You are running in 24 bpp mode, this will slow down things!
SDL: Windows 11 round corners will be disabled.
Screen report: Method 'Win98base' (1920.000 x 1080.000 pixels) at (0.000 x 0.000) (406.400 x 228.600 mm) (16.000 x 9.000 in) (120.000 x 120.000 DPI)
ISA BCLK: 8333333.333Hz (25000000/3)
monopal: green, 
Active save slot: 1 [Empty]
USING AVI+ZMBV
Pentium CMPXCHG8B emulation is enabled
Max 1073741824 sz 524288
Final 524288
Final arrangement: Below 4GB = 524288KB, Above 4GB = 0KB
MIDI:Opened device:win32

Printer Device List
-------------------------------------------------------------
01 Microsoft Print to PDF
02 Fax

VOODOO LFB now at d0000000
Serial1: BASE 3f8h
Serial2: BASE 2f8h
Parallel1: BASE 378h
MPU-401 Registering I/O ports as if IBM PC MPU-401 at base 330h
Memory I/O complexity optimization enabled aka option 'memory io optimization 1'. If the game or demo is unable to draw to the screen properly, set the option to false.
The 'scanline render on demand' option is available and may provide a modest boost in video render performance if set to true.
Allocated APM BIOS pm entry point at f000:ce40
Writing code to fce40
Writing code to fce60
Windows: IID_ITaskbarList3 is available
ISA Plug & Play BIOS enabled
VGA ROM BIOS init callback
WARNING: No translation support (to host) for code page 0
DOS keyboard layout loaded with main language code US for layout us
XMS: 50 handles allocated for use by the DOS environment
EMS page frame at 0xe000-0xefff
COMMAND.COM env size:             720 bytes
COMMAND.COM environment block:    0x0701 sz=0x002d
COMMAND.COM main body (PSP):      0x072f sz=0x009a
COMMAND.COM stack:                0x0749
pixratio 1.350, dw false, dh false
Aspect ratio: 720 x 540  xToY=1.333 yToX=0.750
surface consider=720x400 final=720x400
